exports[`test renders without crashing 1`] = `
ShallowWrapper {
  "complexSelector": ComplexSelector {
    "buildPredicate": [Function],
    "childrenOfNode": [Function],
    "findWhereUnwrapped": [Function],
  },
  "length": 1,
  "node": <div
    className="app">
    <Route
        exact={true}
        path="/"
        render={[Function]} />
    <Route
        path="/search"
        render={[Function]} />
</div>,
  "nodes": Array [
    <div
      className="app">
      <Route
            exact={true}
            path="/"
            render={[Function]} />
      <Route
            path="/search"
            render={[Function]} />
</div>,
  ],
  "options": Object {},
  "renderer": ReactShallowRenderer {
    "_instance": ShallowComponentWrapper {
      "_calledComponentWillUnmount": false,
      "_compositeType": 0,
      "_context": Object {},
      "_currentElement": <BooksApp />,
      "_debugID": 1,
      "_hostContainerInfo": null,
      "_hostParent": null,
      "_instance": BooksApp {
        "_reactInternalInstance": [Circular],
        "changeShelf": [Function],
        "context": Object {},
        "props": Object {},
        "refs": Object {},
        "searchBook": [Function],
        "state": Object {
          "booksFound": Array [],
          "myBooks": Array [],
          "searchQuery": "",
        },
        "updater": Object {
          "enqueueCallback": [Function],
          "enqueueCallbackInternal": [Function],
          "enqueueElementInternal": [Function],
          "enqueueForceUpdate": [Function],
          "enqueueReplaceState": [Function],
          "enqueueSetState": [Function],
          "isMounted": [Function],
          "validateCallback": [Function],
        },
      },
      "_mountOrder": 1,
      "_pendingCallbacks": null,
      "_pendingElement": null,
      "_pendingForceUpdate": false,
      "_pendingReplaceState": false,
      "_pendingStateQueue": null,
      "_renderedComponent": NoopInternalComponent {
        "_currentElement": <div
          className="app">
          <Route
                    exact={true}
                    path="/"
                    render={[Function]} />
          <Route
                    path="/search"
                    render={[Function]} />
</div>,
        "_debugID": 2,
        "_renderedOutput": <div
          className="app">
          <Route
                    exact={true}
                    path="/"
                    render={[Function]} />
          <Route
                    path="/search"
                    render={[Function]} />
</div>,
      },
      "_renderedNodeType": 0,
      "_rootNodeID": 0,
      "_topLevelWrapper": null,
      "_updateBatchNumber": null,
      "_warnedAboutRefsInRender": false,
    },
    "getRenderOutput": [Function],
    "render": [Function],
  },
  "root": [Circular],
  "unrendered": <BooksApp />,
}
`;
